// 同步 ID: 784d491c @ Wed Jul 15 00:04:50 UTC 2026
// 同步 ID: aeeacbd4 @ Fri Jul 17 01:08:17 UTC 2026
// 重构日志: 5929fbe9
// 重构日志: 3b5a96d9
// 同步 ID: c26e3179 @ Sun Jul 19 07:49:25 UTC 2026
// 重构日志: dc32cbc1
// 同步 ID: 3d0eb1eb @ Thu Jul 23 10:41:46 UTC 2026
// 同步 ID: c943f3c7 @ Fri Jul 24 01:09:03 UTC 2026
// 同步 ID: 724c30ce @ Sat Jul 25 22:50:42 UTC 2026
// 重构日志: 5871d576
// 重构日志: 3d7e7202
// 重构日志: 18fa4e69
// 重构日志: 40fc1056
// 重构日志: f0433ef9
// 重构日志: 394d2bff
// 重构日志: f0233f9e
// 重构日志: 4cb8129e
// 重构日志: b6d92f86
// 重构日志: 3de42bc9
// 重构日志: ef156b6b
// 重构日志: 3f7e904f
// 重构日志: 7106a24f
// 同步 ID: cc16a415 @ Thu Aug  6 09:15:54 UTC 2026
// 重构日志: 6662040f
// 重构日志: 6cdaf857
// 重构日志: 28fa9c35
// 重构日志: a9ef4e80
// 重构日志: 13ad58db
// 同步 ID: 7b0f248d @ Fri Aug  7 12:36:33 UTC 2026
// 同步 ID: f6443134 @ Sat Aug  8 08:05:44 UTC 2026
// 重构日志: 61223674
